// Jest Snapshot v1, https://goo.gl/fbAQLP

exports[`Game page renders correctly 1`] = `ShallowWrapper {}`;
